Hello Alisa.How are you?


HP@DESKTOP-NKBL26C MINGW64 /d/GitHup_bilan_ishlash/ClonLash/ProektYulash (main)
$ git status
On branch main

No commits yet

Untracked files:
  (use "git add <file>..." to include in what will be committed)
        text4.txt

nothing added to commit but untracked files present (use "git add" to track)

HP@DESKTOP-NKBL26C MINGW64 /d/GitHup_bilan_ishlash/ClonLash/ProektYulash (main)
$ git add -A

HP@DESKTOP-NKBL26C MINGW64 /d/GitHup_bilan_ishlash/ClonLash/ProektYulash (main)
$ git status
On branch main

No commits yet

Changes to be committed:
  (use "git rm --cached <file>..." to unstage)
        new file:   text4.txt


HP@DESKTOP-NKBL26C MINGW64 /d/GitHup_bilan_ishlash/ClonLash/ProektYulash (main)
$ git commit -m "malumot"
[main (root-commit) aefac94] malumot
 1 file changed, 0 insertions(+), 0 deletions(-)
 create mode 100644 text4.txt

HP@DESKTOP-NKBL26C MINGW64 /d/GitHup_bilan_ishlash/ClonLash/ProektYulash (main)
$ git push -u origin main
Enumerating objects: 3, done.
Counting objects: 100% (3/3), done.
Writing objects: 100% (3/3), 216 bytes | 216.00 KiB/s, done.
Total 3 (delta 0), reused 0 (delta 0), pack-reused 0
To https://github.com/Gulzona/ProektYulash.git
 * [new branch]      main -> main
branch 'main' set up to track 'origin/main'.

HP@DESKTOP-NKBL26C MINGW64 /d/GitHup_bilan_ishlash/ClonLash/ProektYulash (main)
$ git pull origin main
remote: Enumerating objects: 5, done.
remote: Counting objects: 100% (5/5), done.
remote: Total 3 (delta 0), reused 0 (delta 0), pack-reused 0
Unpacking objects: 100% (3/3), 640 bytes | 21.00 KiB/s, done.
From https://github.com/Gulzona/ProektYulash
 * branch            main       -> FETCH_HEAD
   aefac94..1aea023  main       -> origin/main
Updating aefac94..1aea023
Fast-forward
 text4.txt | 1 +
 1 file changed, 1 insertion(+)

HP@DESKTOP-NKBL26C MINGW64 /d/GitHup_bilan_ishlash/ClonLash/ProektYulash (main)
$

